// Jest Snapshot v1, https://goo.gl/fbAQLP

exports[`<Todos /> should render title 1`] = `
<div>
  <h1>
    My dummy title
  </h1>
  <h2>
    Empty.
  </h2>
  <div>
    Last updated at 
    15:23:05
    .
     
  </div>
  <button
    onClick={[Function]}
    type="button"
  >
    Refresh
  </button>
  <button
    onClick={[Function]}
    type="button"
  >
    Go to about page via redux
  </button>
</div>
`;

exports[`Check styled button it works 1`] = `
<StyledComponent
  forwardedComponent={
    Object {
      "$$typeof": Symbol(react.forward_ref),
      "attrs": Array [],
      "componentStyle": ComponentStyle {
        "componentId": "sc-bdVaJa",
        "isStatic": true,
        "rules": Array [
          "
    color: red;
  ",
        ],
      },
      "displayName": "styled.button",
      "foldedComponentIds": Array [],
      "render": [Function],
      "styledComponentId": "sc-bdVaJa",
      "target": "button",
      "toString": [Function],
      "warnTooManyClasses": [Function],
      "withComponent": [Function],
    }
  }
  forwardedRef={null}
/>
`;
